// Jest Snapshot v1, https://goo.gl/fbAQLP

exports[`Coin.js should render the Coin component 1`] = `
Object {
  "asFragment": [Function],
  "baseElement": <body>
    <div>
      <div
        class="container p-2 mx-auto flex flex-col gap-4 text-white py-2 mb-8"
      >
        <button
          class="text-left"
          type="button"
        >
          <img
            alt="backarrow"
            class="p-2 bg-[#1dd79c] rounded-full"
            src="backArrow.svg"
            width="40"
          />
        </button>
        <div
          class="rounded-lg shadow-md bg-[#1E2423] pt-16 pb-4"
        >
          <div
            class=""
          >
            <div
              class="recharts-responsive-container"
              style="width: 95%; height: 300px; min-width: 0;"
            />
          </div>
          <div
            class="flex flex-col gap-2"
          >
            <span
              class="text-4xl uppercase font-extrabold text-center mt-4 text-[#161B19] "
            />
            <div>
              <ul
                class="flex flex-col text-lg myeven"
              >
                <li
                  class="flex justify-between items-center"
                >
                  <span>
                    Symbol
                  </span>
                  <span />
                </li>
                <li
                  class="flex justify-between items-center"
                >
                  <span>
                    Price USD
                  </span>
                  <span
                    class="font-semibold"
                  >
                    NaN $
                  </span>
                </li>
                <li
                  class="flex justify-between items-center"
                >
                  <span>
                    Supply
                  </span>
                  <span>
                    NaN $
                  </span>
                </li>
                <li
                  class="flex justify-between items-center"
                >
                  <span>
                    Max Supply USD
                  </span>
                  <span>
                    Not Available
                  </span>
                </li>
                <li
                  class="flex justify-between items-center"
                >
                  <span>
                    Market Capital USD
                  </span>
                  <span>
                    Not Available $
                  </span>
                </li>
                <li
                  class="flex justify-between items-center"
                >
                  <span>
                    Volume 24h USD
                  </span>
                  <span>
                    Not Available $
                  </span>
                </li>
                <li
                  class="flex justify-between items-center"
                >
                  <span>
                    Rank
                  </span>
                  <span />
                </li>
                <li
                  class="flex justify-between items-center"
                >
                  <span>
                    Last 24h Change
                  </span>
                  <span
                    class="text-green-500"
                  >
                    Not Available %
                  </span>
                </li>
              </ul>
            </div>
          </div>
        </div>
        <a
          class="text-right pt-4"
          rel="noopener noreferrer"
          target="_blank"
          type="button"
        >
          <span
            class="py-2 text-black px-8 bg-[#1dd79c] rounded"
          >
            Website
          </span>
        </a>
      </div>
    </div>
  </body>,
  "container": <div>
    <div
      class="container p-2 mx-auto flex flex-col gap-4 text-white py-2 mb-8"
    >
      <button
        class="text-left"
        type="button"
      >
        <img
          alt="backarrow"
          class="p-2 bg-[#1dd79c] rounded-full"
          src="backArrow.svg"
          width="40"
        />
      </button>
      <div
        class="rounded-lg shadow-md bg-[#1E2423] pt-16 pb-4"
      >
        <div
          class=""
        >
          <div
            class="recharts-responsive-container"
            style="width: 95%; height: 300px; min-width: 0;"
          />
        </div>
        <div
          class="flex flex-col gap-2"
        >
          <span
            class="text-4xl uppercase font-extrabold text-center mt-4 text-[#161B19] "
          />
          <div>
            <ul
              class="flex flex-col text-lg myeven"
            >
              <li
                class="flex justify-between items-center"
              >
                <span>
                  Symbol
                </span>
                <span />
              </li>
              <li
                class="flex justify-between items-center"
              >
                <span>
                  Price USD
                </span>
                <span
                  class="font-semibold"
                >
                  NaN $
                </span>
              </li>
              <li
                class="flex justify-between items-center"
              >
                <span>
                  Supply
                </span>
                <span>
                  NaN $
                </span>
              </li>
              <li
                class="flex justify-between items-center"
              >
                <span>
                  Max Supply USD
                </span>
                <span>
                  Not Available
                </span>
              </li>
              <li
                class="flex justify-between items-center"
              >
                <span>
                  Market Capital USD
                </span>
                <span>
                  Not Available $
                </span>
              </li>
              <li
                class="flex justify-between items-center"
              >
                <span>
                  Volume 24h USD
                </span>
                <span>
                  Not Available $
                </span>
              </li>
              <li
                class="flex justify-between items-center"
              >
                <span>
                  Rank
                </span>
                <span />
              </li>
              <li
                class="flex justify-between items-center"
              >
                <span>
                  Last 24h Change
                </span>
                <span
                  class="text-green-500"
                >
                  Not Available %
                </span>
              </li>
            </ul>
          </div>
        </div>
      </div>
      <a
        class="text-right pt-4"
        rel="noopener noreferrer"
        target="_blank"
        type="button"
      >
        <span
          class="py-2 text-black px-8 bg-[#1dd79c] rounded"
        >
          Website
        </span>
      </a>
    </div>
  </div>,
  "debug": [Function],
  "findAllByAltText": [Function],
  "findAllByDisplayValue": [Function],
  "findAllByLabelText": [Function],
  "findAllByPlaceholderText": [Function],
  "findAllByRole": [Function],
  "findAllByTestId": [Function],
  "findAllByText": [Function],
  "findAllByTitle": [Function],
  "findByAltText": [Function],
  "findByDisplayValue": [Function],
  "findByLabelText": [Function],
  "findByPlaceholderText": [Function],
  "findByRole": [Function],
  "findByTestId": [Function],
  "findByText": [Function],
  "findByTitle": [Function],
  "getAllByAltText": [Function],
  "getAllByDisplayValue": [Function],
  "getAllByLabelText": [Function],
  "getAllByPlaceholderText": [Function],
  "getAllByRole": [Function],
  "getAllByTestId": [Function],
  "getAllByText": [Function],
  "getAllByTitle": [Function],
  "getByAltText": [Function],
  "getByDisplayValue": [Function],
  "getByLabelText": [Function],
  "getByPlaceholderText": [Function],
  "getByRole": [Function],
  "getByTestId": [Function],
  "getByText": [Function],
  "getByTitle": [Function],
  "queryAllByAltText": [Function],
  "queryAllByDisplayValue": [Function],
  "queryAllByLabelText": [Function],
  "queryAllByPlaceholderText": [Function],
  "queryAllByRole": [Function],
  "queryAllByTestId": [Function],
  "queryAllByText": [Function],
  "queryAllByTitle": [Function],
  "queryByAltText": [Function],
  "queryByDisplayValue": [Function],
  "queryByLabelText": [Function],
  "queryByPlaceholderText": [Function],
  "queryByRole": [Function],
  "queryByTestId": [Function],
  "queryByText": [Function],
  "queryByTitle": [Function],
  "rerender": [Function],
  "unmount": [Function],
}
`;
